2026-04-15 06:25:16 Loaded main app package /usr/lib/obsidian/obsidian.asar
2026-04-15 06:25:17 Checking for update using Github
2026-04-15 06:25:17 Success.
2026-04-15 06:25:17 Latest version is 1.12.7
2026-04-15 06:25:17 App is up to date.
2026-04-17 16:21:03 Loaded main app package /usr/lib/obsidian/obsidian.asar
2026-04-17 16:21:03 Checking for update using Github
2026-04-17 16:21:04 Success.
2026-04-17 16:21:04 Latest version is 1.12.7
2026-04-17 16:21:04 App is up to date.
2026-04-17 17:21:03 Checking for update using Github
2026-04-17 17:21:03 Failed to check for update using Github (net::ERR_INTERNET_DISCONNECTED)
2026-04-17 17:21:03 Checking for update using obsidian.md
2026-04-17 17:21:03 Failed to check for update using obsidian.md (net::ERR_INTERNET_DISCONNECTED)
2026-04-18 05:48:01 Loaded main app package /usr/lib/obsidian/obsidian.asar
2026-04-18 05:48:01 Checking for update using Github
2026-04-18 05:48:02 Success.
2026-04-18 05:48:02 Latest version is 1.12.7
2026-04-18 05:48:02 App is up to date.
2026-04-18 06:48:00 Checking for update using Github
2026-04-18 06:48:01 Success.
2026-04-18 06:48:01 Latest version is 1.12.7
2026-04-18 06:48:01 App is up to date.
2026-04-18 07:48:00 Checking for update using Github
2026-04-18 07:48:01 Success.
2026-04-18 07:48:01 Latest version is 1.12.7
2026-04-18 07:48:01 App is up to date.
2026-04-18 08:48:01 Checking for update using Github
2026-04-18 08:48:01 Success.
2026-04-18 08:48:01 Latest version is 1.12.7
2026-04-18 08:48:01 App is up to date.
2026-04-18 09:48:01 Checking for update using Github
2026-04-18 09:48:01 Success.
2026-04-18 09:48:01 Latest version is 1.12.7
2026-04-18 09:48:01 App is up to date.
2026-04-18 10:48:01 Checking for update using Github
2026-04-18 10:48:01 Success.
2026-04-18 10:48:01 Latest version is 1.12.7
2026-04-18 10:48:01 App is up to date.
2026-04-18 10:54:21 Loaded main app package /usr/lib/obsidian/obsidian.asar
2026-04-18 10:54:22 Checking for update using Github
2026-04-18 10:54:22 Success.
2026-04-18 10:54:22 Latest version is 1.12.7
2026-04-18 10:54:22 App is up to date.
2026-04-18 11:16:57 Loaded main app package /usr/lib/obsidian/obsidian.asar
2026-04-18 11:16:57 Checking for update using Github
2026-04-18 11:16:58 Success.
2026-04-18 11:16:58 Latest version is 1.12.7
2026-04-18 11:16:58 App is up to date.
2026-04-20 06:13:13 Loaded main app package /usr/lib/obsidian/obsidian.asar
2026-04-20 06:13:14 Checking for update using Github
2026-04-20 06:13:14 Success.
2026-04-20 06:13:14 Latest version is 1.12.7
2026-04-20 06:13:14 App is up to date.
2026-04-20 07:13:13 Checking for update using Github
2026-04-20 07:13:13 Success.
2026-04-20 07:13:13 Latest version is 1.12.7
2026-04-20 07:13:13 App is up to date.
2026-04-20 10:25:05 Checking for update using Github
2026-04-20 10:25:05 Success.
2026-04-20 10:25:05 Latest version is 1.12.7
2026-04-20 10:25:05 App is up to date.
2026-04-20 11:25:05 Checking for update using Github
2026-04-20 11:25:05 Success.
2026-04-20 11:25:05 Latest version is 1.12.7
2026-04-20 11:25:05 App is up to date.
