--------------------------------------------------------------------------------
[Feb 28, 2026 10:14:17.1 AM GMT:ERROR:creative_new_tab_page_ads_util.cc(157)] Successfully saved creative new tab page ads
[Feb 28, 2026 10:14:17.1 AM GMT:ERROR:creative_new_tab_page_ads_util.cc(142)] Successfully saved creative set conversions
--------------------------------------------------------------------------------
[Feb 28, 2026 10:17:04.8 AM GMT:ERROR:creative_new_tab_page_ads_util.cc(157)] Successfully saved creative new tab page ads
[Feb 28, 2026 10:17:04.8 AM GMT:ERROR:creative_new_tab_page_ads_util.cc(142)] Successfully saved creative set conversions
--------------------------------------------------------------------------------
[Feb 28, 2026 10:27:41.3 AM GMT:ERROR:creative_new_tab_page_ads_util.cc(157)] Successfully saved creative new tab page ads
[Feb 28, 2026 10:27:41.3 AM GMT:ERROR:creative_new_tab_page_ads_util.cc(142)] Successfully saved creative set conversions
--------------------------------------------------------------------------------
[Feb 28, 2026 10:35:18.4 AM GMT:ERROR:creative_new_tab_page_ads_util.cc(157)] Successfully saved creative new tab page ads
[Feb 28, 2026 10:35:18.4 AM GMT:ERROR:creative_new_tab_page_ads_util.cc(142)] Successfully saved creative set conversions
--------------------------------------------------------------------------------
[Feb 28, 2026 10:52:43.6 AM GMT:ERROR:creative_new_tab_page_ads_util.cc(157)] Successfully saved creative new tab page ads
[Feb 28, 2026 10:52:43.6 AM GMT:ERROR:creative_new_tab_page_ads_util.cc(142)] Successfully saved creative set conversions
--------------------------------------------------------------------------------
[Feb 28, 2026 12:59:58.3 PM GMT:ERROR:creative_new_tab_page_ads_util.cc(157)] Successfully saved creative new tab page ads
[Feb 28, 2026 12:59:58.3 PM GMT:ERROR:creative_new_tab_page_ads_util.cc(142)] Successfully saved creative set conversions
--------------------------------------------------------------------------------
[Mar 01, 2026 11:57:16.0 AM GMT:ERROR:creative_new_tab_page_ads_util.cc(157)] Successfully saved creative new tab page ads
[Mar 01, 2026 11:57:16.0 AM GMT:ERROR:creative_new_tab_page_ads_util.cc(142)] Successfully saved creative set conversions
[Mar 01, 2026 11:57:20.8 AM GMT:ERROR:creative_new_tab_page_ads_util.cc(157)] Successfully saved creative new tab page ads
[Mar 01, 2026 11:57:20.8 AM GMT:ERROR:creative_new_tab_page_ads_util.cc(142)] Successfully saved creative set conversions
[Mar 01, 2026 12:27:22.0 PM GMT:ERROR:creative_new_tab_page_ads_util.cc(157)] Successfully saved creative new tab page ads
[Mar 01, 2026 12:27:22.0 PM GMT:ERROR:creative_new_tab_page_ads_util.cc(142)] Successfully saved creative set conversions
--------------------------------------------------------------------------------
[Mar 02, 2026 9:36:24.8 AM GMT:ERROR:creative_new_tab_page_ads_util.cc(157)] Successfully saved creative new tab page ads
[Mar 02, 2026 9:36:24.8 AM GMT:ERROR:creative_new_tab_page_ads_util.cc(142)] Successfully saved creative set conversions
--------------------------------------------------------------------------------
[Mar 02, 2026 9:41:20.5 AM GMT:ERROR:creative_new_tab_page_ads_util.cc(157)] Successfully saved creative new tab page ads
[Mar 02, 2026 9:41:20.6 AM GMT:ERROR:creative_new_tab_page_ads_util.cc(142)] Successfully saved creative set conversions
--------------------------------------------------------------------------------
[Mar 02, 2026 10:05:13.5 AM GMT:ERROR:creative_new_tab_page_ads_util.cc(157)] Successfully saved creative new tab page ads
[Mar 02, 2026 10:05:13.5 AM GMT:ERROR:creative_new_tab_page_ads_util.cc(142)] Successfully saved creative set conversions
--------------------------------------------------------------------------------
[Mar 06, 2026 10:10:01.9 AM GMT:ERROR:creative_new_tab_page_ads_util.cc(157)] Successfully saved creative new tab page ads
[Mar 06, 2026 10:10:01.9 AM GMT:ERROR:creative_new_tab_page_ads_util.cc(142)] Successfully saved creative set conversions
[Mar 06, 2026 10:10:03.5 AM GMT:ERROR:creative_new_tab_page_ads_util.cc(157)] Successfully saved creative new tab page ads
[Mar 06, 2026 10:10:03.5 AM GMT:ERROR:creative_new_tab_page_ads_util.cc(142)] Successfully saved creative set conversions
--------------------------------------------------------------------------------
[Mar 06, 2026 11:17:58.0 AM GMT:ERROR:creative_new_tab_page_ads_util.cc(157)] Successfully saved creative new tab page ads
[Mar 06, 2026 11:17:58.0 AM GMT:ERROR:creative_new_tab_page_ads_util.cc(142)] Successfully saved creative set conversions
--------------------------------------------------------------------------------
[Mar 06, 2026 11:24:46.3 AM GMT:ERROR:creative_new_tab_page_ads_util.cc(157)] Successfully saved creative new tab page ads
[Mar 06, 2026 11:24:46.3 AM GMT:ERROR:creative_new_tab_page_ads_util.cc(142)] Successfully saved creative set conversions
--------------------------------------------------------------------------------
[Mar 06, 2026 12:43:23.0 PM GMT:ERROR:creative_new_tab_page_ads_util.cc(157)] Successfully saved creative new tab page ads
[Mar 06, 2026 12:43:23.0 PM GMT:ERROR:creative_new_tab_page_ads_util.cc(142)] Successfully saved creative set conversions
--------------------------------------------------------------------------------
[Mar 06, 2026 3:46:05.2 PM GMT:ERROR:creative_new_tab_page_ads_util.cc(157)] Successfully saved creative new tab page ads
[Mar 06, 2026 3:46:05.2 PM GMT:ERROR:creative_new_tab_page_ads_util.cc(142)] Successfully saved creative set conversions
--------------------------------------------------------------------------------
[Mar 06, 2026 3:47:01.5 PM GMT:ERROR:creative_new_tab_page_ads_util.cc(157)] Successfully saved creative new tab page ads
[Mar 06, 2026 3:47:01.5 PM GMT:ERROR:creative_new_tab_page_ads_util.cc(142)] Successfully saved creative set conversions
--------------------------------------------------------------------------------
[Mar 06, 2026 3:55:36.5 PM GMT:ERROR:creative_new_tab_page_ads_util.cc(157)] Successfully saved creative new tab page ads
[Mar 06, 2026 3:55:36.5 PM GMT:ERROR:creative_new_tab_page_ads_util.cc(142)] Successfully saved creative set conversions
--------------------------------------------------------------------------------
[Mar 06, 2026 4:00:36.1 PM GMT:ERROR:creative_new_tab_page_ads_util.cc(157)] Successfully saved creative new tab page ads
[Mar 06, 2026 4:00:36.2 PM GMT:ERROR:creative_new_tab_page_ads_util.cc(142)] Successfully saved creative set conversions
--------------------------------------------------------------------------------
[Mar 06, 2026 6:14:48.2 PM GMT:ERROR:creative_new_tab_page_ads_util.cc(157)] Successfully saved creative new tab page ads
[Mar 06, 2026 6:14:48.2 PM GMT:ERROR:creative_new_tab_page_ads_util.cc(142)] Successfully saved creative set conversions
--------------------------------------------------------------------------------
[Mar 06, 2026 9:03:30.1 PM GMT:ERROR:creative_new_tab_page_ads_util.cc(157)] Successfully saved creative new tab page ads
[Mar 06, 2026 9:03:30.1 PM GMT:ERROR:creative_new_tab_page_ads_util.cc(142)] Successfully saved creative set conversions
--------------------------------------------------------------------------------
[Mar 07, 2026 4:39:55.7 AM GMT:ERROR:creative_new_tab_page_ads_util.cc(157)] Successfully saved creative new tab page ads
[Mar 07, 2026 4:39:55.7 AM GMT:ERROR:creative_new_tab_page_ads_util.cc(142)] Successfully saved creative set conversions
[Mar 07, 2026 4:39:57.4 AM GMT:ERROR:creative_new_tab_page_ads_util.cc(157)] Successfully saved creative new tab page ads
[Mar 07, 2026 4:39:57.4 AM GMT:ERROR:creative_new_tab_page_ads_util.cc(142)] Successfully saved creative set conversions
--------------------------------------------------------------------------------
[Mar 07, 2026 5:47:20.8 AM GMT:ERROR:creative_new_tab_page_ads_util.cc(157)] Successfully saved creative new tab page ads
[Mar 07, 2026 5:47:20.8 AM GMT:ERROR:creative_new_tab_page_ads_util.cc(142)] Successfully saved creative set conversions
--------------------------------------------------------------------------------
[Mar 07, 2026 6:00:23.7 AM GMT:ERROR:creative_new_tab_page_ads_util.cc(157)] Successfully saved creative new tab page ads
[Mar 07, 2026 6:00:23.7 AM GMT:ERROR:creative_new_tab_page_ads_util.cc(142)] Successfully saved creative set conversions
--------------------------------------------------------------------------------
[Mar 07, 2026 6:05:02.9 AM GMT:ERROR:creative_new_tab_page_ads_util.cc(157)] Successfully saved creative new tab page ads
[Mar 07, 2026 6:05:02.9 AM GMT:ERROR:creative_new_tab_page_ads_util.cc(142)] Successfully saved creative set conversions
--------------------------------------------------------------------------------
[Mar 07, 2026 6:17:41.7 AM GMT:ERROR:creative_new_tab_page_ads_util.cc(157)] Successfully saved creative new tab page ads
[Mar 07, 2026 6:17:41.7 AM GMT:ERROR:creative_new_tab_page_ads_util.cc(142)] Successfully saved creative set conversions
--------------------------------------------------------------------------------
[Mar 07, 2026 6:46:07.0 AM GMT:ERROR:creative_new_tab_page_ads_util.cc(157)] Successfully saved creative new tab page ads
[Mar 07, 2026 6:46:07.0 AM GMT:ERROR:creative_new_tab_page_ads_util.cc(142)] Successfully saved creative set conversions
--------------------------------------------------------------------------------
[Mar 07, 2026 6:55:02.3 AM GMT:ERROR:creative_new_tab_page_ads_util.cc(157)] Successfully saved creative new tab page ads
[Mar 07, 2026 6:55:02.3 AM GMT:ERROR:creative_new_tab_page_ads_util.cc(142)] Successfully saved creative set conversions
--------------------------------------------------------------------------------
[Mar 07, 2026 12:46:42.9 PM GMT:ERROR:creative_new_tab_page_ads_util.cc(157)] Successfully saved creative new tab page ads
[Mar 07, 2026 12:46:42.9 PM GMT:ERROR:creative_new_tab_page_ads_util.cc(142)] Successfully saved creative set conversions
--------------------------------------------------------------------------------
[Mar 07, 2026 2:17:45.3 PM GMT:ERROR:creative_new_tab_page_ads_util.cc(157)] Successfully saved creative new tab page ads
[Mar 07, 2026 2:17:45.3 PM GMT:ERROR:creative_new_tab_page_ads_util.cc(142)] Successfully saved creative set conversions
--------------------------------------------------------------------------------
[Mar 07, 2026 2:27:45.1 PM GMT:ERROR:creative_new_tab_page_ads_util.cc(157)] Successfully saved creative new tab page ads
[Mar 07, 2026 2:27:45.1 PM GMT:ERROR:creative_new_tab_page_ads_util.cc(142)] Successfully saved creative set conversions
--------------------------------------------------------------------------------
[Mar 07, 2026 3:02:22.2 PM GMT:ERROR:creative_new_tab_page_ads_util.cc(157)] Successfully saved creative new tab page ads
[Mar 07, 2026 3:02:22.2 PM GMT:ERROR:creative_new_tab_page_ads_util.cc(142)] Successfully saved creative set conversions
--------------------------------------------------------------------------------
[Mar 07, 2026 3:17:28.1 PM GMT:ERROR:creative_new_tab_page_ads_util.cc(157)] Successfully saved creative new tab page ads
[Mar 07, 2026 3:17:28.1 PM GMT:ERROR:creative_new_tab_page_ads_util.cc(142)] Successfully saved creative set conversions
--------------------------------------------------------------------------------
[Mar 07, 2026 3:39:49.2 PM GMT:ERROR:creative_new_tab_page_ads_util.cc(157)] Successfully saved creative new tab page ads
[Mar 07, 2026 3:39:49.2 PM GMT:ERROR:creative_new_tab_page_ads_util.cc(142)] Successfully saved creative set conversions
--------------------------------------------------------------------------------
[Mar 07, 2026 4:40:12.5 PM GMT:ERROR:creative_new_tab_page_ads_util.cc(157)] Successfully saved creative new tab page ads
[Mar 07, 2026 4:40:12.5 PM GMT:ERROR:creative_new_tab_page_ads_util.cc(142)] Successfully saved creative set conversions
--------------------------------------------------------------------------------
[Mar 07, 2026 5:14:29.6 PM GMT:ERROR:creative_new_tab_page_ads_util.cc(157)] Successfully saved creative new tab page ads
[Mar 07, 2026 5:14:29.6 PM GMT:ERROR:creative_new_tab_page_ads_util.cc(142)] Successfully saved creative set conversions
--------------------------------------------------------------------------------
[Mar 25, 2026 3:28:03.7 PM GMT:ERROR:creative_new_tab_page_ads_util.cc(157)] Successfully saved creative new tab page ads
[Mar 25, 2026 3:28:03.7 PM GMT:ERROR:creative_new_tab_page_ads_util.cc(142)] Successfully saved creative set conversions
[Mar 25, 2026 3:28:16.7 PM GMT:ERROR:creative_new_tab_page_ads_util.cc(157)] Successfully saved creative new tab page ads
[Mar 25, 2026 3:28:16.7 PM GMT:ERROR:creative_new_tab_page_ads_util.cc(142)] Successfully saved creative set conversions
--------------------------------------------------------------------------------
[Mar 25, 2026 3:32:41.8 PM GMT:ERROR:creative_new_tab_page_ads_util.cc(157)] Successfully saved creative new tab page ads
[Mar 25, 2026 3:32:41.8 PM GMT:ERROR:creative_new_tab_page_ads_util.cc(142)] Successfully saved creative set conversions
--------------------------------------------------------------------------------
[Mar 25, 2026 3:35:54.6 PM GMT:ERROR:creative_new_tab_page_ads_util.cc(157)] Successfully saved creative new tab page ads
[Mar 25, 2026 3:35:54.6 PM GMT:ERROR:creative_new_tab_page_ads_util.cc(142)] Successfully saved creative set conversions
--------------------------------------------------------------------------------
[Mar 25, 2026 5:22:36.1 PM GMT:ERROR:creative_new_tab_page_ads_util.cc(157)] Successfully saved creative new tab page ads
[Mar 25, 2026 5:22:36.1 PM GMT:ERROR:creative_new_tab_page_ads_util.cc(142)] Successfully saved creative set conversions
--------------------------------------------------------------------------------
[Mar 25, 2026 5:32:12.0 PM GMT:ERROR:creative_new_tab_page_ads_util.cc(157)] Successfully saved creative new tab page ads
[Mar 25, 2026 5:32:12.0 PM GMT:ERROR:creative_new_tab_page_ads_util.cc(142)] Successfully saved creative set conversions
--------------------------------------------------------------------------------
[Mar 25, 2026 6:45:42.5 PM GMT:ERROR:creative_new_tab_page_ads_util.cc(157)] Successfully saved creative new tab page ads
[Mar 25, 2026 6:45:42.5 PM GMT:ERROR:creative_new_tab_page_ads_util.cc(142)] Successfully saved creative set conversions
--------------------------------------------------------------------------------
[Mar 25, 2026 7:02:26.1 PM GMT:ERROR:creative_new_tab_page_ads_util.cc(157)] Successfully saved creative new tab page ads
[Mar 25, 2026 7:02:26.1 PM GMT:ERROR:creative_new_tab_page_ads_util.cc(142)] Successfully saved creative set conversions
--------------------------------------------------------------------------------
[Mar 25, 2026 7:19:34.9 PM GMT:ERROR:creative_new_tab_page_ads_util.cc(157)] Successfully saved creative new tab page ads
[Mar 25, 2026 7:19:34.9 PM GMT:ERROR:creative_new_tab_page_ads_util.cc(142)] Successfully saved creative set conversions
--------------------------------------------------------------------------------
[Mar 28, 2026 3:38:34.5 PM GMT:ERROR:creative_new_tab_page_ads_util.cc(157)] Successfully saved creative new tab page ads
[Mar 28, 2026 3:38:34.5 PM GMT:ERROR:creative_new_tab_page_ads_util.cc(142)] Successfully saved creative set conversions
[Mar 28, 2026 3:38:36.6 PM GMT:ERROR:creative_new_tab_page_ads_util.cc(157)] Successfully saved creative new tab page ads
[Mar 28, 2026 3:38:36.6 PM GMT:ERROR:creative_new_tab_page_ads_util.cc(142)] Successfully saved creative set conversions
--------------------------------------------------------------------------------
[Mar 28, 2026 5:35:42.2 PM GMT:ERROR:creative_new_tab_page_ads_util.cc(157)] Successfully saved creative new tab page ads
[Mar 28, 2026 5:35:42.2 PM GMT:ERROR:creative_new_tab_page_ads_util.cc(142)] Successfully saved creative set conversions
--------------------------------------------------------------------------------
[Mar 28, 2026 5:57:27.7 PM GMT:ERROR:creative_new_tab_page_ads_util.cc(157)] Successfully saved creative new tab page ads
[Mar 28, 2026 5:57:27.7 PM GMT:ERROR:creative_new_tab_page_ads_util.cc(142)] Successfully saved creative set conversions
--------------------------------------------------------------------------------
[Mar 28, 2026 6:12:40.6 PM GMT:ERROR:creative_new_tab_page_ads_util.cc(157)] Successfully saved creative new tab page ads
[Mar 28, 2026 6:12:40.6 PM GMT:ERROR:creative_new_tab_page_ads_util.cc(142)] Successfully saved creative set conversions
--------------------------------------------------------------------------------
[Mar 28, 2026 6:41:41.6 PM GMT:ERROR:creative_new_tab_page_ads_util.cc(157)] Successfully saved creative new tab page ads
[Mar 28, 2026 6:41:41.6 PM GMT:ERROR:creative_new_tab_page_ads_util.cc(142)] Successfully saved creative set conversions
--------------------------------------------------------------------------------
[Mar 28, 2026 6:53:07.9 PM GMT:ERROR:creative_new_tab_page_ads_util.cc(157)] Successfully saved creative new tab page ads
[Mar 28, 2026 6:53:07.9 PM GMT:ERROR:creative_new_tab_page_ads_util.cc(142)] Successfully saved creative set conversions
--------------------------------------------------------------------------------
[Mar 29, 2026 2:41:47.4 PM GMT:ERROR:creative_new_tab_page_ads_util.cc(157)] Successfully saved creative new tab page ads
[Mar 29, 2026 2:41:47.4 PM GMT:ERROR:creative_new_tab_page_ads_util.cc(142)] Successfully saved creative set conversions
[Mar 29, 2026 2:41:48.7 PM GMT:ERROR:creative_new_tab_page_ads_util.cc(157)] Successfully saved creative new tab page ads
[Mar 29, 2026 2:41:48.7 PM GMT:ERROR:creative_new_tab_page_ads_util.cc(142)] Successfully saved creative set conversions
--------------------------------------------------------------------------------
[Mar 29, 2026 5:22:21.8 PM GMT:ERROR:creative_new_tab_page_ads_util.cc(157)] Successfully saved creative new tab page ads
[Mar 29, 2026 5:22:21.8 PM GMT:ERROR:creative_new_tab_page_ads_util.cc(142)] Successfully saved creative set conversions
--------------------------------------------------------------------------------
[Mar 29, 2026 5:48:18.3 PM GMT:ERROR:creative_new_tab_page_ads_util.cc(157)] Successfully saved creative new tab page ads
[Mar 29, 2026 5:48:18.3 PM GMT:ERROR:creative_new_tab_page_ads_util.cc(142)] Successfully saved creative set conversions
--------------------------------------------------------------------------------
[Mar 29, 2026 5:52:18.5 PM GMT:ERROR:creative_new_tab_page_ads_util.cc(157)] Successfully saved creative new tab page ads
[Mar 29, 2026 5:52:18.5 PM GMT:ERROR:creative_new_tab_page_ads_util.cc(142)] Successfully saved creative set conversions
--------------------------------------------------------------------------------
[Mar 29, 2026 5:53:37.9 PM GMT:ERROR:creative_new_tab_page_ads_util.cc(157)] Successfully saved creative new tab page ads
[Mar 29, 2026 5:53:37.9 PM GMT:ERROR:creative_new_tab_page_ads_util.cc(142)] Successfully saved creative set conversions
--------------------------------------------------------------------------------
[Mar 30, 2026 6:55:46.6 PM GMT:ERROR:creative_new_tab_page_ads_util.cc(157)] Successfully saved creative new tab page ads
[Mar 30, 2026 6:55:46.6 PM GMT:ERROR:creative_new_tab_page_ads_util.cc(142)] Successfully saved creative set conversions
[Mar 30, 2026 6:55:48.3 PM GMT:ERROR:creative_new_tab_page_ads_util.cc(157)] Successfully saved creative new tab page ads
[Mar 30, 2026 6:55:48.3 PM GMT:ERROR:creative_new_tab_page_ads_util.cc(142)] Successfully saved creative set conversions
--------------------------------------------------------------------------------
[Mar 31, 2026 1:23:17.4 PM GMT:ERROR:creative_new_tab_page_ads_util.cc(157)] Successfully saved creative new tab page ads
[Mar 31, 2026 1:23:17.4 PM GMT:ERROR:creative_new_tab_page_ads_util.cc(142)] Successfully saved creative set conversions
[Mar 31, 2026 1:23:57.8 PM GMT:ERROR:creative_new_tab_page_ads_util.cc(157)] Successfully saved creative new tab page ads
[Mar 31, 2026 1:23:57.8 PM GMT:ERROR:creative_new_tab_page_ads_util.cc(142)] Successfully saved creative set conversions
--------------------------------------------------------------------------------
[Apr 02, 2026 10:52:37.4 AM GMT:ERROR:creative_new_tab_page_ads_util.cc(157)] Successfully saved creative new tab page ads
[Apr 02, 2026 10:52:37.4 AM GMT:ERROR:creative_new_tab_page_ads_util.cc(142)] Successfully saved creative set conversions
[Apr 02, 2026 10:52:39.1 AM GMT:ERROR:creative_new_tab_page_ads_util.cc(157)] Successfully saved creative new tab page ads
[Apr 02, 2026 10:52:39.1 AM GMT:ERROR:creative_new_tab_page_ads_util.cc(142)] Successfully saved creative set conversions
--------------------------------------------------------------------------------
[Apr 02, 2026 12:01:56.8 PM GMT:ERROR:creative_new_tab_page_ads_util.cc(157)] Successfully saved creative new tab page ads
[Apr 02, 2026 12:01:56.8 PM GMT:ERROR:creative_new_tab_page_ads_util.cc(142)] Successfully saved creative set conversions
--------------------------------------------------------------------------------
[Apr 02, 2026 12:13:30.3 PM GMT:ERROR:creative_new_tab_page_ads_util.cc(157)] Successfully saved creative new tab page ads
[Apr 02, 2026 12:13:30.3 PM GMT:ERROR:creative_new_tab_page_ads_util.cc(142)] Successfully saved creative set conversions
--------------------------------------------------------------------------------
[Apr 02, 2026 1:52:31.2 PM GMT:ERROR:creative_new_tab_page_ads_util.cc(157)] Successfully saved creative new tab page ads
[Apr 02, 2026 1:52:31.2 PM GMT:ERROR:creative_new_tab_page_ads_util.cc(142)] Successfully saved creative set conversions
--------------------------------------------------------------------------------
[Apr 02, 2026 2:37:21.8 PM GMT:ERROR:creative_new_tab_page_ads_util.cc(157)] Successfully saved creative new tab page ads
[Apr 02, 2026 2:37:21.8 PM GMT:ERROR:creative_new_tab_page_ads_util.cc(142)] Successfully saved creative set conversions
--------------------------------------------------------------------------------
[Apr 02, 2026 2:49:43.1 PM GMT:ERROR:creative_new_tab_page_ads_util.cc(157)] Successfully saved creative new tab page ads
[Apr 02, 2026 2:49:43.1 PM GMT:ERROR:creative_new_tab_page_ads_util.cc(142)] Successfully saved creative set conversions
--------------------------------------------------------------------------------
[Apr 02, 2026 3:04:05.4 PM GMT:ERROR:creative_new_tab_page_ads_util.cc(157)] Successfully saved creative new tab page ads
[Apr 02, 2026 3:04:05.4 PM GMT:ERROR:creative_new_tab_page_ads_util.cc(142)] Successfully saved creative set conversions
--------------------------------------------------------------------------------
[Apr 02, 2026 7:10:33.9 PM GMT:ERROR:creative_new_tab_page_ads_util.cc(157)] Successfully saved creative new tab page ads
[Apr 02, 2026 7:10:33.9 PM GMT:ERROR:creative_new_tab_page_ads_util.cc(142)] Successfully saved creative set conversions
--------------------------------------------------------------------------------
[Apr 02, 2026 7:16:45.6 PM GMT:ERROR:creative_new_tab_page_ads_util.cc(157)] Successfully saved creative new tab page ads
[Apr 02, 2026 7:16:45.6 PM GMT:ERROR:creative_new_tab_page_ads_util.cc(142)] Successfully saved creative set conversions
--------------------------------------------------------------------------------
[Apr 02, 2026 7:19:14.5 PM GMT:ERROR:creative_new_tab_page_ads_util.cc(157)] Successfully saved creative new tab page ads
[Apr 02, 2026 7:19:14.6 PM GMT:ERROR:creative_new_tab_page_ads_util.cc(142)] Successfully saved creative set conversions
--------------------------------------------------------------------------------
[Apr 02, 2026 7:19:30.1 PM GMT:ERROR:creative_new_tab_page_ads_util.cc(157)] Successfully saved creative new tab page ads
[Apr 02, 2026 7:19:30.1 PM GMT:ERROR:creative_new_tab_page_ads_util.cc(142)] Successfully saved creative set conversions
--------------------------------------------------------------------------------
[Apr 03, 2026 3:52:54.6 AM GMT:ERROR:creative_new_tab_page_ads_util.cc(157)] Successfully saved creative new tab page ads
[Apr 03, 2026 3:52:54.6 AM GMT:ERROR:creative_new_tab_page_ads_util.cc(142)] Successfully saved creative set conversions
[Apr 03, 2026 3:53:09.9 AM GMT:ERROR:creative_new_tab_page_ads_util.cc(157)] Successfully saved creative new tab page ads
[Apr 03, 2026 3:53:09.9 AM GMT:ERROR:creative_new_tab_page_ads_util.cc(142)] Successfully saved creative set conversions
--------------------------------------------------------------------------------
[Apr 03, 2026 5:01:48.1 AM GMT:ERROR:creative_new_tab_page_ads_util.cc(157)] Successfully saved creative new tab page ads
[Apr 03, 2026 5:01:48.1 AM GMT:ERROR:creative_new_tab_page_ads_util.cc(142)] Successfully saved creative set conversions
--------------------------------------------------------------------------------
[Apr 03, 2026 7:16:37.4 AM GMT:ERROR:creative_new_tab_page_ads_util.cc(157)] Successfully saved creative new tab page ads
[Apr 03, 2026 7:16:37.4 AM GMT:ERROR:creative_new_tab_page_ads_util.cc(142)] Successfully saved creative set conversions
--------------------------------------------------------------------------------
[Apr 03, 2026 7:55:47.9 AM GMT:ERROR:creative_new_tab_page_ads_util.cc(157)] Successfully saved creative new tab page ads
[Apr 03, 2026 7:55:47.9 AM GMT:ERROR:creative_new_tab_page_ads_util.cc(142)] Successfully saved creative set conversions
--------------------------------------------------------------------------------
[Apr 03, 2026 9:51:14.1 AM GMT:ERROR:creative_new_tab_page_ads_util.cc(157)] Successfully saved creative new tab page ads
[Apr 03, 2026 9:51:14.1 AM GMT:ERROR:creative_new_tab_page_ads_util.cc(142)] Successfully saved creative set conversions
--------------------------------------------------------------------------------
[Apr 03, 2026 2:39:30.5 PM GMT:ERROR:creative_new_tab_page_ads_util.cc(157)] Successfully saved creative new tab page ads
[Apr 03, 2026 2:39:30.5 PM GMT:ERROR:creative_new_tab_page_ads_util.cc(142)] Successfully saved creative set conversions
--------------------------------------------------------------------------------
[Apr 03, 2026 4:52:03.0 PM GMT:ERROR:creative_new_tab_page_ads_util.cc(157)] Successfully saved creative new tab page ads
[Apr 03, 2026 4:52:03.0 PM GMT:ERROR:creative_new_tab_page_ads_util.cc(142)] Successfully saved creative set conversions
--------------------------------------------------------------------------------
[Apr 03, 2026 4:58:18.8 PM GMT:ERROR:creative_new_tab_page_ads_util.cc(157)] Successfully saved creative new tab page ads
[Apr 03, 2026 4:58:18.8 PM GMT:ERROR:creative_new_tab_page_ads_util.cc(142)] Successfully saved creative set conversions
--------------------------------------------------------------------------------
[Apr 03, 2026 4:59:50.6 PM GMT:ERROR:creative_new_tab_page_ads_util.cc(157)] Successfully saved creative new tab page ads
[Apr 03, 2026 4:59:50.6 PM GMT:ERROR:creative_new_tab_page_ads_util.cc(142)] Successfully saved creative set conversions
--------------------------------------------------------------------------------
[Apr 03, 2026 5:54:14.8 PM GMT:ERROR:creative_new_tab_page_ads_util.cc(157)] Successfully saved creative new tab page ads
[Apr 03, 2026 5:54:14.8 PM GMT:ERROR:creative_new_tab_page_ads_util.cc(142)] Successfully saved creative set conversions
--------------------------------------------------------------------------------
[Apr 04, 2026 3:00:19.4 AM GMT:ERROR:creative_new_tab_page_ads_util.cc(157)] Successfully saved creative new tab page ads
[Apr 04, 2026 3:00:19.4 AM GMT:ERROR:creative_new_tab_page_ads_util.cc(142)] Successfully saved creative set conversions
[Apr 04, 2026 3:15:29.5 AM GMT:ERROR:creative_new_tab_page_ads_util.cc(157)] Successfully saved creative new tab page ads
[Apr 04, 2026 3:15:29.5 AM GMT:ERROR:creative_new_tab_page_ads_util.cc(142)] Successfully saved creative set conversions
--------------------------------------------------------------------------------
[Apr 04, 2026 3:58:19.6 AM GMT:ERROR:creative_new_tab_page_ads_util.cc(157)] Successfully saved creative new tab page ads
[Apr 04, 2026 3:58:19.6 AM GMT:ERROR:creative_new_tab_page_ads_util.cc(142)] Successfully saved creative set conversions
--------------------------------------------------------------------------------
[Apr 04, 2026 4:48:58.3 AM GMT:ERROR:creative_new_tab_page_ads_util.cc(157)] Successfully saved creative new tab page ads
[Apr 04, 2026 4:48:58.3 AM GMT:ERROR:creative_new_tab_page_ads_util.cc(142)] Successfully saved creative set conversions
--------------------------------------------------------------------------------
[Apr 04, 2026 4:49:00.9 AM GMT:ERROR:creative_new_tab_page_ads_util.cc(157)] Successfully saved creative new tab page ads
[Apr 04, 2026 4:49:00.9 AM GMT:ERROR:creative_new_tab_page_ads_util.cc(142)] Successfully saved creative set conversions
--------------------------------------------------------------------------------
[Apr 04, 2026 5:19:05.9 AM GMT:ERROR:creative_new_tab_page_ads_util.cc(157)] Successfully saved creative new tab page ads
[Apr 04, 2026 5:19:05.9 AM GMT:ERROR:creative_new_tab_page_ads_util.cc(142)] Successfully saved creative set conversions
--------------------------------------------------------------------------------
[Apr 04, 2026 6:48:22.4 AM GMT:ERROR:creative_new_tab_page_ads_util.cc(157)] Successfully saved creative new tab page ads
[Apr 04, 2026 6:48:22.4 AM GMT:ERROR:creative_new_tab_page_ads_util.cc(142)] Successfully saved creative set conversions
--------------------------------------------------------------------------------
[Apr 04, 2026 8:46:48.7 AM GMT:ERROR:creative_new_tab_page_ads_util.cc(157)] Successfully saved creative new tab page ads
[Apr 04, 2026 8:46:48.7 AM GMT:ERROR:creative_new_tab_page_ads_util.cc(142)] Successfully saved creative set conversions
--------------------------------------------------------------------------------
[Apr 04, 2026 11:44:03.5 AM GMT:ERROR:creative_new_tab_page_ads_util.cc(157)] Successfully saved creative new tab page ads
[Apr 04, 2026 11:44:03.5 AM GMT:ERROR:creative_new_tab_page_ads_util.cc(142)] Successfully saved creative set conversions
--------------------------------------------------------------------------------
[Apr 04, 2026 1:25:40.7 PM GMT:ERROR:creative_new_tab_page_ads_util.cc(157)] Successfully saved creative new tab page ads
[Apr 04, 2026 1:25:40.7 PM GMT:ERROR:creative_new_tab_page_ads_util.cc(142)] Successfully saved creative set conversions
--------------------------------------------------------------------------------
[Apr 05, 2026 7:30:48.2 AM GMT:ERROR:creative_new_tab_page_ads_util.cc(157)] Successfully saved creative new tab page ads
[Apr 05, 2026 7:30:48.2 AM GMT:ERROR:creative_new_tab_page_ads_util.cc(142)] Successfully saved creative set conversions
[Apr 05, 2026 7:30:51.5 AM GMT:ERROR:creative_new_tab_page_ads_util.cc(157)] Successfully saved creative new tab page ads
[Apr 05, 2026 7:30:51.5 AM GMT:ERROR:creative_new_tab_page_ads_util.cc(142)] Successfully saved creative set conversions
--------------------------------------------------------------------------------
[Apr 05, 2026 1:22:24.7 PM GMT:ERROR:creative_new_tab_page_ads_util.cc(157)] Successfully saved creative new tab page ads
[Apr 05, 2026 1:22:24.7 PM GMT:ERROR:creative_new_tab_page_ads_util.cc(142)] Successfully saved creative set conversions
--------------------------------------------------------------------------------
[Apr 05, 2026 1:49:36.8 PM GMT:ERROR:creative_new_tab_page_ads_util.cc(157)] Successfully saved creative new tab page ads
[Apr 05, 2026 1:49:36.8 PM GMT:ERROR:creative_new_tab_page_ads_util.cc(142)] Successfully saved creative set conversions
--------------------------------------------------------------------------------
[Apr 05, 2026 5:43:34.9 PM GMT:ERROR:creative_new_tab_page_ads_util.cc(157)] Successfully saved creative new tab page ads
[Apr 05, 2026 5:43:34.9 PM GMT:ERROR:creative_new_tab_page_ads_util.cc(142)] Successfully saved creative set conversions
--------------------------------------------------------------------------------
[Apr 06, 2026 3:13:35.7 PM GMT:ERROR:creative_new_tab_page_ads_util.cc(157)] Successfully saved creative new tab page ads
[Apr 06, 2026 3:13:35.7 PM GMT:ERROR:creative_new_tab_page_ads_util.cc(142)] Successfully saved creative set conversions
[Apr 06, 2026 3:13:39.1 PM GMT:ERROR:creative_new_tab_page_ads_util.cc(157)] Successfully saved creative new tab page ads
[Apr 06, 2026 3:13:39.1 PM GMT:ERROR:creative_new_tab_page_ads_util.cc(142)] Successfully saved creative set conversions
--------------------------------------------------------------------------------
[Apr 07, 2026 1:23:45.1 PM GMT:ERROR:creative_new_tab_page_ads_util.cc(157)] Successfully saved creative new tab page ads
[Apr 07, 2026 1:23:45.1 PM GMT:ERROR:creative_new_tab_page_ads_util.cc(142)] Successfully saved creative set conversions
[Apr 07, 2026 1:23:47.4 PM GMT:ERROR:creative_new_tab_page_ads_util.cc(157)] Successfully saved creative new tab page ads
[Apr 07, 2026 1:23:47.4 PM GMT:ERROR:creative_new_tab_page_ads_util.cc(142)] Successfully saved creative set conversions
--------------------------------------------------------------------------------
[Apr 07, 2026 3:28:44.9 PM GMT:ERROR:creative_new_tab_page_ads_util.cc(157)] Successfully saved creative new tab page ads
[Apr 07, 2026 3:28:44.9 PM GMT:ERROR:creative_new_tab_page_ads_util.cc(142)] Successfully saved creative set conversions
--------------------------------------------------------------------------------
[Apr 07, 2026 3:44:22.4 PM GMT:ERROR:creative_new_tab_page_ads_util.cc(157)] Successfully saved creative new tab page ads
[Apr 07, 2026 3:44:22.4 PM GMT:ERROR:creative_new_tab_page_ads_util.cc(142)] Successfully saved creative set conversions
--------------------------------------------------------------------------------
[Apr 08, 2026 11:20:59.6 AM GMT:ERROR:creative_new_tab_page_ads_util.cc(157)] Successfully saved creative new tab page ads
[Apr 08, 2026 11:20:59.6 AM GMT:ERROR:creative_new_tab_page_ads_util.cc(142)] Successfully saved creative set conversions
[Apr 08, 2026 11:21:02.3 AM GMT:ERROR:creative_new_tab_page_ads_util.cc(157)] Successfully saved creative new tab page ads
[Apr 08, 2026 11:21:02.3 AM GMT:ERROR:creative_new_tab_page_ads_util.cc(142)] Successfully saved creative set conversions
--------------------------------------------------------------------------------
[Apr 11, 2026 1:40:33.5 PM GMT:ERROR:creative_new_tab_page_ads_util.cc(157)] Successfully saved creative new tab page ads
[Apr 11, 2026 1:40:33.5 PM GMT:ERROR:creative_new_tab_page_ads_util.cc(142)] Successfully saved creative set conversions
[Apr 11, 2026 1:40:35.6 PM GMT:ERROR:creative_new_tab_page_ads_util.cc(157)] Successfully saved creative new tab page ads
[Apr 11, 2026 1:40:35.6 PM GMT:ERROR:creative_new_tab_page_ads_util.cc(142)] Successfully saved creative set conversions
--------------------------------------------------------------------------------
[Apr 11, 2026 3:40:02.4 PM GMT:ERROR:creative_new_tab_page_ads_util.cc(157)] Successfully saved creative new tab page ads
[Apr 11, 2026 3:40:02.4 PM GMT:ERROR:creative_new_tab_page_ads_util.cc(142)] Successfully saved creative set conversions
--------------------------------------------------------------------------------
[Apr 11, 2026 3:41:37.0 PM GMT:ERROR:creative_new_tab_page_ads_util.cc(157)] Successfully saved creative new tab page ads
[Apr 11, 2026 3:41:37.0 PM GMT:ERROR:creative_new_tab_page_ads_util.cc(142)] Successfully saved creative set conversions
--------------------------------------------------------------------------------
[Apr 11, 2026 3:56:22.8 PM GMT:ERROR:creative_new_tab_page_ads_util.cc(157)] Successfully saved creative new tab page ads
[Apr 11, 2026 3:56:22.8 PM GMT:ERROR:creative_new_tab_page_ads_util.cc(142)] Successfully saved creative set conversions
--------------------------------------------------------------------------------
[Apr 12, 2026 6:57:11.7 AM GMT:ERROR:creative_new_tab_page_ads_util.cc(157)] Successfully saved creative new tab page ads
[Apr 12, 2026 6:57:11.7 AM GMT:ERROR:creative_new_tab_page_ads_util.cc(142)] Successfully saved creative set conversions
--------------------------------------------------------------------------------
[Apr 12, 2026 7:04:20.4 AM GMT:ERROR:creative_new_tab_page_ads_util.cc(157)] Successfully saved creative new tab page ads
[Apr 12, 2026 7:04:20.4 AM GMT:ERROR:creative_new_tab_page_ads_util.cc(142)] Successfully saved creative set conversions
[Apr 12, 2026 7:06:07.0 AM GMT:ERROR:creative_new_tab_page_ads_util.cc(157)] Successfully saved creative new tab page ads
[Apr 12, 2026 7:06:07.0 AM GMT:ERROR:creative_new_tab_page_ads_util.cc(142)] Successfully saved creative set conversions
--------------------------------------------------------------------------------
[Apr 12, 2026 9:24:22.2 AM GMT:ERROR:creative_new_tab_page_ads_util.cc(157)] Successfully saved creative new tab page ads
[Apr 12, 2026 9:24:22.2 AM GMT:ERROR:creative_new_tab_page_ads_util.cc(142)] Successfully saved creative set conversions
--------------------------------------------------------------------------------
[Apr 12, 2026 9:37:34.1 AM GMT:ERROR:creative_new_tab_page_ads_util.cc(157)] Successfully saved creative new tab page ads
[Apr 12, 2026 9:37:34.1 AM GMT:ERROR:creative_new_tab_page_ads_util.cc(142)] Successfully saved creative set conversions
--------------------------------------------------------------------------------
[Apr 12, 2026 10:30:12.7 AM GMT:ERROR:creative_new_tab_page_ads_util.cc(157)] Successfully saved creative new tab page ads
[Apr 12, 2026 10:30:12.7 AM GMT:ERROR:creative_new_tab_page_ads_util.cc(142)] Successfully saved creative set conversions
--------------------------------------------------------------------------------
[Apr 12, 2026 10:32:20.2 AM GMT:ERROR:creative_new_tab_page_ads_util.cc(157)] Successfully saved creative new tab page ads
[Apr 12, 2026 10:32:20.2 AM GMT:ERROR:creative_new_tab_page_ads_util.cc(142)] Successfully saved creative set conversions
--------------------------------------------------------------------------------
[Apr 12, 2026 11:47:01.7 AM GMT:ERROR:creative_new_tab_page_ads_util.cc(157)] Successfully saved creative new tab page ads
[Apr 12, 2026 11:47:01.7 AM GMT:ERROR:creative_new_tab_page_ads_util.cc(142)] Successfully saved creative set conversions
--------------------------------------------------------------------------------
[Apr 12, 2026 11:47:38.9 AM GMT:ERROR:creative_new_tab_page_ads_util.cc(157)] Successfully saved creative new tab page ads
[Apr 12, 2026 11:47:38.9 AM GMT:ERROR:creative_new_tab_page_ads_util.cc(142)] Successfully saved creative set conversions
--------------------------------------------------------------------------------
[Apr 12, 2026 5:29:15.3 PM GMT:ERROR:creative_new_tab_page_ads_util.cc(157)] Successfully saved creative new tab page ads
[Apr 12, 2026 5:29:15.3 PM GMT:ERROR:creative_new_tab_page_ads_util.cc(142)] Successfully saved creative set conversions
--------------------------------------------------------------------------------
[Apr 12, 2026 5:55:54.7 PM GMT:ERROR:creative_new_tab_page_ads_util.cc(157)] Successfully saved creative new tab page ads
[Apr 12, 2026 5:55:54.7 PM GMT:ERROR:creative_new_tab_page_ads_util.cc(142)] Successfully saved creative set conversions
--------------------------------------------------------------------------------
[Apr 13, 2026 1:05:45.7 PM GMT:ERROR:creative_new_tab_page_ads_util.cc(157)] Successfully saved creative new tab page ads
[Apr 13, 2026 1:05:45.7 PM GMT:ERROR:creative_new_tab_page_ads_util.cc(142)] Successfully saved creative set conversions
[Apr 13, 2026 1:05:56.7 PM GMT:ERROR:creative_new_tab_page_ads_util.cc(157)] Successfully saved creative new tab page ads
[Apr 13, 2026 1:05:56.7 PM GMT:ERROR:creative_new_tab_page_ads_util.cc(142)] Successfully saved creative set conversions
--------------------------------------------------------------------------------
[Apr 13, 2026 3:14:22.9 PM GMT:ERROR:creative_new_tab_page_ads_util.cc(157)] Successfully saved creative new tab page ads
[Apr 13, 2026 3:14:22.9 PM GMT:ERROR:creative_new_tab_page_ads_util.cc(142)] Successfully saved creative set conversions
--------------------------------------------------------------------------------
[Apr 13, 2026 4:32:39.5 PM GMT:ERROR:creative_new_tab_page_ads_util.cc(157)] Successfully saved creative new tab page ads
[Apr 13, 2026 4:32:39.5 PM GMT:ERROR:creative_new_tab_page_ads_util.cc(142)] Successfully saved creative set conversions
--------------------------------------------------------------------------------
[Apr 14, 2026 5:34:38.7 AM GMT:ERROR:creative_new_tab_page_ads_util.cc(157)] Successfully saved creative new tab page ads
[Apr 14, 2026 5:34:38.7 AM GMT:ERROR:creative_new_tab_page_ads_util.cc(142)] Successfully saved creative set conversions
[Apr 14, 2026 5:34:49.7 AM GMT:ERROR:creative_new_tab_page_ads_util.cc(157)] Successfully saved creative new tab page ads
[Apr 14, 2026 5:34:49.7 AM GMT:ERROR:creative_new_tab_page_ads_util.cc(142)] Successfully saved creative set conversions
--------------------------------------------------------------------------------
[Apr 14, 2026 5:53:21.1 AM GMT:ERROR:creative_new_tab_page_ads_util.cc(157)] Successfully saved creative new tab page ads
[Apr 14, 2026 5:53:21.1 AM GMT:ERROR:creative_new_tab_page_ads_util.cc(142)] Successfully saved creative set conversions
--------------------------------------------------------------------------------
[Apr 14, 2026 5:54:33.9 AM GMT:ERROR:creative_new_tab_page_ads_util.cc(157)] Successfully saved creative new tab page ads
[Apr 14, 2026 5:54:33.9 AM GMT:ERROR:creative_new_tab_page_ads_util.cc(142)] Successfully saved creative set conversions
--------------------------------------------------------------------------------
[Apr 14, 2026 6:23:42.0 AM GMT:ERROR:creative_new_tab_page_ads_util.cc(157)] Successfully saved creative new tab page ads
[Apr 14, 2026 6:23:42.0 AM GMT:ERROR:creative_new_tab_page_ads_util.cc(142)] Successfully saved creative set conversions
--------------------------------------------------------------------------------
[Apr 14, 2026 6:25:11.6 AM GMT:ERROR:creative_new_tab_page_ads_util.cc(157)] Successfully saved creative new tab page ads
[Apr 14, 2026 6:25:11.6 AM GMT:ERROR:creative_new_tab_page_ads_util.cc(142)] Successfully saved creative set conversions
--------------------------------------------------------------------------------
[Apr 14, 2026 6:31:44.8 AM GMT:ERROR:creative_new_tab_page_ads_util.cc(157)] Successfully saved creative new tab page ads
[Apr 14, 2026 6:31:44.8 AM GMT:ERROR:creative_new_tab_page_ads_util.cc(142)] Successfully saved creative set conversions
--------------------------------------------------------------------------------
[Apr 14, 2026 6:34:03.4 AM GMT:ERROR:creative_new_tab_page_ads_util.cc(157)] Successfully saved creative new tab page ads
[Apr 14, 2026 6:34:03.4 AM GMT:ERROR:creative_new_tab_page_ads_util.cc(142)] Successfully saved creative set conversions
--------------------------------------------------------------------------------
[Apr 14, 2026 6:48:06.3 AM GMT:ERROR:creative_new_tab_page_ads_util.cc(157)] Successfully saved creative new tab page ads
[Apr 14, 2026 6:48:06.3 AM GMT:ERROR:creative_new_tab_page_ads_util.cc(142)] Successfully saved creative set conversions
--------------------------------------------------------------------------------
[Apr 14, 2026 7:26:24.8 AM GMT:ERROR:creative_new_tab_page_ads_util.cc(157)] Successfully saved creative new tab page ads
[Apr 14, 2026 7:26:24.8 AM GMT:ERROR:creative_new_tab_page_ads_util.cc(142)] Successfully saved creative set conversions
--------------------------------------------------------------------------------
[Apr 14, 2026 7:33:46.1 AM GMT:ERROR:creative_new_tab_page_ads_util.cc(157)] Successfully saved creative new tab page ads
[Apr 14, 2026 7:33:46.1 AM GMT:ERROR:creative_new_tab_page_ads_util.cc(142)] Successfully saved creative set conversions
--------------------------------------------------------------------------------
[Apr 14, 2026 7:35:54.0 AM GMT:ERROR:creative_new_tab_page_ads_util.cc(157)] Successfully saved creative new tab page ads
[Apr 14, 2026 7:35:54.0 AM GMT:ERROR:creative_new_tab_page_ads_util.cc(142)] Successfully saved creative set conversions
--------------------------------------------------------------------------------
[Apr 14, 2026 10:00:38.0 AM GMT:ERROR:creative_new_tab_page_ads_util.cc(157)] Successfully saved creative new tab page ads
[Apr 14, 2026 10:00:38.0 AM GMT:ERROR:creative_new_tab_page_ads_util.cc(142)] Successfully saved creative set conversions
--------------------------------------------------------------------------------
[Apr 14, 2026 10:06:23.8 AM GMT:ERROR:creative_new_tab_page_ads_util.cc(157)] Successfully saved creative new tab page ads
[Apr 14, 2026 10:06:23.8 AM GMT:ERROR:creative_new_tab_page_ads_util.cc(142)] Successfully saved creative set conversions
--------------------------------------------------------------------------------
[Apr 14, 2026 10:06:38.2 AM GMT:ERROR:creative_new_tab_page_ads_util.cc(157)] Successfully saved creative new tab page ads
[Apr 14, 2026 10:06:38.2 AM GMT:ERROR:creative_new_tab_page_ads_util.cc(142)] Successfully saved creative set conversions
--------------------------------------------------------------------------------
[Apr 14, 2026 10:07:52.5 AM GMT:ERROR:creative_new_tab_page_ads_util.cc(157)] Successfully saved creative new tab page ads
[Apr 14, 2026 10:07:52.5 AM GMT:ERROR:creative_new_tab_page_ads_util.cc(142)] Successfully saved creative set conversions
--------------------------------------------------------------------------------
[Apr 14, 2026 5:02:59.0 PM GMT:ERROR:creative_new_tab_page_ads_util.cc(157)] Successfully saved creative new tab page ads
[Apr 14, 2026 5:02:59.0 PM GMT:ERROR:creative_new_tab_page_ads_util.cc(142)] Successfully saved creative set conversions
[Apr 14, 2026 5:03:01.2 PM GMT:ERROR:creative_new_tab_page_ads_util.cc(157)] Successfully saved creative new tab page ads
[Apr 14, 2026 5:03:01.2 PM GMT:ERROR:creative_new_tab_page_ads_util.cc(142)] Successfully saved creative set conversions
--------------------------------------------------------------------------------
[Apr 14, 2026 5:09:18.4 PM GMT:ERROR:creative_new_tab_page_ads_util.cc(157)] Successfully saved creative new tab page ads
[Apr 14, 2026 5:09:18.4 PM GMT:ERROR:creative_new_tab_page_ads_util.cc(142)] Successfully saved creative set conversions
--------------------------------------------------------------------------------
[Apr 14, 2026 5:10:03.0 PM GMT:ERROR:creative_new_tab_page_ads_util.cc(157)] Successfully saved creative new tab page ads
[Apr 14, 2026 5:10:03.0 PM GMT:ERROR:creative_new_tab_page_ads_util.cc(142)] Successfully saved creative set conversions
--------------------------------------------------------------------------------
[Apr 16, 2026 5:29:50.7 PM GMT:ERROR:creative_new_tab_page_ads_util.cc(157)] Successfully saved creative new tab page ads
[Apr 16, 2026 5:29:50.7 PM GMT:ERROR:creative_new_tab_page_ads_util.cc(142)] Successfully saved creative set conversions
[Apr 16, 2026 5:29:56.1 PM GMT:ERROR:creative_new_tab_page_ads_util.cc(157)] Successfully saved creative new tab page ads
[Apr 16, 2026 5:29:56.1 PM GMT:ERROR:creative_new_tab_page_ads_util.cc(142)] Successfully saved creative set conversions
